PASS scripts/s_seir/s_seir_address_zero_check_tests.py
PASS scripts/s_seir/s_seir_calldata_array_lifter_tests.py
PASS scripts/s_seir/s_seir_condition_storage_revert_tests.py
PASS scripts/s_seir/s_seir_control_builder_tests.py
PASS scripts/s_seir/s_seir_endpoint_tracing_tests.py
PASS scripts/s_seir/s_seir_event_topic_memory_tests.py
PASS scripts/s_seir/s_seir_function_memory_bridge_tests.py
PASS scripts/s_seir/s_seir_inspect_functions_tests.py
PASS scripts/s_seir/s_seir_memory_array_local_function_tests.py
PASS scripts/s_seir/s_seir_memory_array_tests.py
PASS scripts/s_seir/s_seir_memory_byte_axis_tests.py
PASS scripts/s_seir/s_seir_memory_query_status_tests.py
PASS scripts/s_seir/s_seir_opaque_preprocess_tests.py
PASS scripts/s_seir/s_seir_predicate_lifter_tests.py
PASS scripts/s_seir/s_seir_research_abstract_domain_tests.py
PASS scripts/s_seir/s_seir_research_actions_tests.py
PASS scripts/s_seir/s_seir_research_control_edges_tests.py
PASS scripts/s_seir/s_seir_research_guards_tests.py
PASS scripts/s_seir/s_seir_research_local_refinement_tests.py
PASS scripts/s_seir/s_seir_research_propagation_tests.py
PASS scripts/s_seir/s_seir_research_regions_tests.py
PASS scripts/s_seir/s_seir_semantic_fact_adapter_tests.py
PASS scripts/s_seir/s_seir_semantic_fact_bridge_tests.py
PASS scripts/s_seir/s_seir_semantic_fact_ir_tests.py
PASS scripts/s_seir/s_seir_semantic_fact_render_tests.py
PASS scripts/s_seir/s_seir_sink_resolver_tests.py
PASS scripts/s_seir/s_seir_slither_semantic_integration_tests.py
PASS scripts/s_seir/s_seir_solidity_atomic_ops_tests.py
PASS scripts/s_seir/s_seir_solidity_like_condition_tests.py
PASS scripts/s_seir/s_seir_solidity_slithir_tests.py
PASS scripts/s_seir/s_seir_sseir_overlay_surface_tests.py
PASS scripts/s_seir/s_seir_unknown_storage_like_tests.py
PASS archived_semantic_ir
