test_exact_artifact_contract_termination_and_evidence (s_seir_research_propagation_tests.ArtifactAndDeterminismTests.test_exact_artifact_contract_termination_and_evidence) ... ok
test_identity_uses_region_domain_and_config_not_iterations (s_seir_research_propagation_tests.ArtifactAndDeterminismTests.test_identity_uses_region_domain_and_config_not_iterations) ... ok
test_repeat_and_collection_reorder_have_identical_artifact_and_frontier (s_seir_research_propagation_tests.ArtifactAndDeterminismTests.test_repeat_and_collection_reorder_have_identical_artifact_and_frontier) ... ok
test_contract_violation_is_explicit_exception (s_seir_research_propagation_tests.ContextAndTerminationTests.test_contract_violation_is_explicit_exception) ... ok
test_engine_unsupported_and_invariant_error_are_distinct (s_seir_research_propagation_tests.ContextAndTerminationTests.test_engine_unsupported_and_invariant_error_are_distinct) ... ok
test_k1_k2_partition_truncation_and_observed_arm_only (s_seir_research_propagation_tests.ContextAndTerminationTests.test_k1_k2_partition_truncation_and_observed_arm_only) ... ok
test_small_deterministic_budget_is_resource_limit_with_frontier (s_seir_research_propagation_tests.ContextAndTerminationTests.test_small_deterministic_budget_is_resource_limit_with_frontier) ... ok
test_unreached_is_absent_and_not_unknown (s_seir_research_propagation_tests.ContextAndTerminationTests.test_unreached_is_absent_and_not_unknown) ... ok
test_cache_is_node_context_and_different_contexts_never_merge (s_seir_research_propagation_tests.IntakeIntegrationAndIsolationTests.test_cache_is_node_context_and_different_contexts_never_merge) ... ok
test_direct_real_handoff_does_not_mutate_inputs_and_consumer_query_works (s_seir_research_propagation_tests.IntakeIntegrationAndIsolationTests.test_direct_real_handoff_does_not_mutate_inputs_and_consumer_query_works) ... ok
test_no_region_and_no_consumable_region_create_no_artifact (s_seir_research_propagation_tests.IntakeIntegrationAndIsolationTests.test_no_region_and_no_consumable_region_create_no_artifact) ... ok
test_production_isolation_and_only_one_new_formal_artifact (s_seir_research_propagation_tests.IntakeIntegrationAndIsolationTests.test_production_isolation_and_only_one_new_formal_artifact) ... ok
test_upstream_partial_fixed_point_is_not_whitewashed (s_seir_research_propagation_tests.IntakeIntegrationAndIsolationTests.test_upstream_partial_fixed_point_is_not_whitewashed) ... ok
test_loop_back_edge_reenqueues_until_natural_fixed_point (s_seir_research_propagation_tests.TransferJoinAndLoopTests.test_loop_back_edge_reenqueues_until_natural_fixed_point) ... ok
test_missing_in_block_order_is_conservative_unknown_not_engine_success_value (s_seir_research_propagation_tests.TransferJoinAndLoopTests.test_missing_in_block_order_is_conservative_unknown_not_engine_success_value) ... ok
test_missing_typed_semantics_is_unknown_but_reaches_fixed_point (s_seir_research_propagation_tests.TransferJoinAndLoopTests.test_missing_typed_semantics_is_unknown_but_reaches_fixed_point) ... ok
test_ordinary_facts_are_identity_and_supported_transfer_reuses_domain (s_seir_research_propagation_tests.TransferJoinAndLoopTests.test_ordinary_facts_are_identity_and_supported_transfer_reuses_domain) ... ok
test_same_context_branch_join_uses_p1_t3_join (s_seir_research_propagation_tests.TransferJoinAndLoopTests.test_same_context_branch_join_uses_p1_t3_join) ... ok

----------------------------------------------------------------------
Ran 18 tests in 6.291s

OK
