SFIR functions=11 fingerprint=sha256:03786d503cb91f1de01ddeb4f529a77ca214de751ecbdd67f6974f63958e43d0
saved /home/ubuntu/erc-20/outputs/module1_sample10_p1t6r/p1_t1_actions.json.gz
P1-T1 actions=32
saved /home/ubuntu/erc-20/outputs/module1_sample10_p1t6r/p1_t2_regions.json.gz
P1-T2 regions=0
saved /home/ubuntu/erc-20/outputs/module1_sample10_p1t6r/p1_t3_domain.json.gz
saved /home/ubuntu/erc-20/outputs/module1_sample10_p1t6r/p1_t4_propagation.json.gz
P1-T4 propagations=0
saved /home/ubuntu/erc-20/outputs/module1_sample10_p1t6r/p1_t5_candidates.json.gz
P1-T5 candidates=52
saved /home/ubuntu/erc-20/outputs/module1_sample10_p1t6r/p1_t6_refinement.json.gz
P1-T6 refinements=52
P1-T7 constructor(uint256): actions=3 feasible=1 rejected=0 unresolved=3 status=PARTIAL
P1-T7 totalSupply(): actions=1 feasible=1 rejected=0 unresolved=1 status=PARTIAL
P1-T7 balanceOf(address): actions=1 feasible=1 rejected=0 unresolved=1 status=PARTIAL
P1-T7 allowance(address, address): actions=1 feasible=1 rejected=0 unresolved=1 status=PARTIAL
P1-T7 approve(address, uint256): actions=3 feasible=1 rejected=0 unresolved=3 status=PARTIAL
P1-T7 transfer(address, uint256): actions=6 feasible=0 rejected=0 unresolved=9 status=PARTIAL
P1-T7 transferFrom(address, address, uint256): actions=8 feasible=0 rejected=0 unresolved=13 status=PARTIAL
P1-T7 burn(uint256): actions=4 feasible=0 rejected=0 unresolved=6 status=PARTIAL
P1-T7 batchBalanceSum(address[]): actions=1 feasible=0 rejected=0 unresolved=3 status=PARTIAL
P1-T7 hasCode(address): actions=1 feasible=0 rejected=0 unresolved=2 status=PARTIAL
P1-T7 externalBalanceOf(address, address): actions=3 feasible=1 rejected=0 unresolved=4 status=PARTIAL
saved /home/ubuntu/erc-20/outputs/module1_sample10_p1t6r/p1_t7_module1_results.json.gz
Module 1 complete
