test_multiple_predicates_prefix_and_unsat_base (s_seir_research_local_refinement_tests.OpaqueTests.test_multiple_predicates_prefix_and_unsat_base) ... ok
test_true_false_nonconstant (s_seir_research_local_refinement_tests.OpaqueTests.test_true_false_nonconstant) ... ok
test_cast_definition_and_bool_parameter (s_seir_research_local_refinement_tests.RefinementTests.test_cast_definition_and_bool_parameter) ... ok
test_checked_vs_wrapping_through_sfir_definitions (s_seir_research_local_refinement_tests.RefinementTests.test_checked_vs_wrapping_through_sfir_definitions) ... ok
test_incomplete_unsat_never_rejects (s_seir_research_local_refinement_tests.RefinementTests.test_incomplete_unsat_never_rejects) ... ok
test_missing_guard_is_not_unconditional (s_seir_research_local_refinement_tests.RefinementTests.test_missing_guard_is_not_unconditional) ... ok
test_missing_typed_predicate_is_not_parsed (s_seir_research_local_refinement_tests.RefinementTests.test_missing_typed_predicate_is_not_parsed) ... ok
test_no_name_based_identity_or_phi_guess (s_seir_research_local_refinement_tests.RefinementTests.test_no_name_based_identity_or_phi_guess) ... ok
test_no_transitive_candidates (s_seir_research_local_refinement_tests.RefinementTests.test_no_transitive_candidates) ... ok
test_outside_carrier_definition_external_result_and_order_gap (s_seir_research_local_refinement_tests.RefinementTests.test_outside_carrier_definition_external_result_and_order_gap) ... ok
test_query_artifact_replay_and_refs (s_seir_research_local_refinement_tests.RefinementTests.test_query_artifact_replay_and_refs) ... ok
test_real_sat_complete_and_partial_are_distinct (s_seir_research_local_refinement_tests.RefinementTests.test_real_sat_complete_and_partial_are_distinct) ... ok
test_reorder_deterministic_query_guard_accounting (s_seir_research_local_refinement_tests.RefinementTests.test_reorder_deterministic_query_guard_accounting) ... ok
test_solver_call_budget_marks_partial (s_seir_research_local_refinement_tests.RefinementTests.test_solver_call_budget_marks_partial) ... ok
test_symbolic_budget_not_run_truncated (s_seir_research_local_refinement_tests.RefinementTests.test_symbolic_budget_not_run_truncated) ... ok
test_unexpected_backend_exception_is_not_empty_success (s_seir_research_local_refinement_tests.RefinementTests.test_unexpected_backend_exception_is_not_empty_success) ... ok
test_unknown_timeout_unsupported_stub_mapping (s_seir_research_local_refinement_tests.RefinementTests.test_unknown_timeout_unsupported_stub_mapping) ... ok
test_unsat_retained_lineage_and_validator_not_relaxed (s_seir_research_local_refinement_tests.RefinementTests.test_unsat_retained_lineage_and_validator_not_relaxed) ... ok
test_unused_checked_operation_cannot_be_ignored (s_seir_research_local_refinement_tests.RefinementTests.test_unused_checked_operation_cannot_be_ignored) ... ok
test_bitwise_shifts_and_bool (s_seir_research_local_refinement_tests.TypedSemanticsTests.test_bitwise_shifts_and_bool) ... ok
test_cast_sign_zero_extension_truncation_address (s_seir_research_local_refinement_tests.TypedSemanticsTests.test_cast_sign_zero_extension_truncation_address) ... ok
test_checked_signed_multiply_and_underflow (s_seir_research_local_refinement_tests.TypedSemanticsTests.test_checked_signed_multiply_and_underflow) ... ok
test_evm_word_wrapping_is_256_bit (s_seir_research_local_refinement_tests.TypedSemanticsTests.test_evm_word_wrapping_is_256_bit) ... ok
test_large_literals_lossless (s_seir_research_local_refinement_tests.TypedSemanticsTests.test_large_literals_lossless) ... ok
test_logical_short_circuit_side_condition (s_seir_research_local_refinement_tests.TypedSemanticsTests.test_logical_short_circuit_side_condition) ... ok
test_missing_type_width_mode_operator_are_unsupported (s_seir_research_local_refinement_tests.TypedSemanticsTests.test_missing_type_width_mode_operator_are_unsupported) ... ok
test_real_signed_unsigned_comparisons (s_seir_research_local_refinement_tests.TypedSemanticsTests.test_real_signed_unsigned_comparisons) ... ok
test_wrapping_and_checked_overflow (s_seir_research_local_refinement_tests.TypedSemanticsTests.test_wrapping_and_checked_overflow) ... ok
test_known_unknown_fixed_point_and_flattened_mixed_consumption (s_seir_research_local_refinement_tests.UpstreamBoundaryTests.test_known_unknown_fixed_point_and_flattened_mixed_consumption) ... ok
test_production_boundary_and_no_oracle (s_seir_research_local_refinement_tests.UpstreamBoundaryTests.test_production_boundary_and_no_oracle) ... ok
test_real_propagation_unsupported_error_are_not_empty_success (s_seir_research_local_refinement_tests.UpstreamBoundaryTests.test_real_propagation_unsupported_error_are_not_empty_success) ... ok
test_resource_limit_frontier_preserved (s_seir_research_local_refinement_tests.UpstreamBoundaryTests.test_resource_limit_frontier_preserved) ... ok
test_upstream_partial_unsupported_error_preserved (s_seir_research_local_refinement_tests.UpstreamBoundaryTests.test_upstream_partial_unsupported_error_preserved) ... ok
test_entry_action_exit_and_exact_frozen_payload (s_seir_research_control_edges_tests.BasicCompressionTests.test_entry_action_exit_and_exact_frozen_payload) ... ok
test_fake_blocks_compress_and_no_transitive_a_to_c (s_seir_research_control_edges_tests.BasicCompressionTests.test_fake_blocks_compress_and_no_transitive_a_to_c) ... ok
test_identical_payload_occurrences_are_distinct_endpoints (s_seir_research_control_edges_tests.BasicCompressionTests.test_identical_payload_occurrences_are_distinct_endpoints) ... ok
test_branch_and_join_keep_all_first_next_candidates (s_seir_research_control_edges_tests.BranchJoinLoopTests.test_branch_and_join_keep_all_first_next_candidates) ... ok
test_flattened_dispatcher_round_trip_emits_back_candidates (s_seir_research_control_edges_tests.BranchJoinLoopTests.test_flattened_dispatcher_round_trip_emits_back_candidates) ... ok
test_same_endpoints_on_distinct_normal_paths_are_not_collapsed (s_seir_research_control_edges_tests.BranchJoinLoopTests.test_same_endpoints_on_distinct_normal_paths_are_not_collapsed) ... ok
test_simple_loop_back_edge_and_finite_termination (s_seir_research_control_edges_tests.BranchJoinLoopTests.test_simple_loop_back_edge_and_finite_termination) ... ok
test_collection_reorder_preserves_ids_and_accounting (s_seir_research_control_edges_tests.ContextAlternativeTests.test_collection_reorder_preserves_ids_and_accounting) ... ok
test_context_history_is_evidence_not_real_successor (s_seir_research_control_edges_tests.ContextAlternativeTests.test_context_history_is_evidence_not_real_successor) ... ok
test_same_endpoints_different_context_or_path_remain_distinct (s_seir_research_control_edges_tests.ContextAlternativeTests.test_same_endpoints_different_context_or_path_remain_distinct) ... ok
test_unknown_state_does_not_delete_structural_candidates (s_seir_research_control_edges_tests.ContextAlternativeTests.test_unknown_state_does_not_delete_structural_candidates) ... ok
test_same_block_missing_order_retains_explicit_alternatives (s_seir_research_control_edges_tests.EndpointAmbiguityAndBoundaryTests.test_same_block_missing_order_retains_explicit_alternatives) ... ok
test_same_block_reliable_sfir_order_not_action_id_order (s_seir_research_control_edges_tests.EndpointAmbiguityAndBoundaryTests.test_same_block_reliable_sfir_order_not_action_id_order) ... ok
test_unanchored_action_is_unresolved_not_guessed (s_seir_research_control_edges_tests.EndpointAmbiguityAndBoundaryTests.test_unanchored_action_is_unresolved_not_guessed) ... ok
test_unrefined_condition_is_only_source_provenance (s_seir_research_control_edges_tests.EndpointAmbiguityAndBoundaryTests.test_unrefined_condition_is_only_source_provenance) ... ok
test_action_free_function_has_structural_entry_exit_not_failure (s_seir_research_control_edges_tests.NormalAndMixedTests.test_action_free_function_has_structural_entry_exit_not_failure) ... ok
test_mixed_boundary_uses_region_then_normal_provenance (s_seir_research_control_edges_tests.NormalAndMixedTests.test_mixed_boundary_uses_region_then_normal_provenance) ... ok
test_no_region_straight_line_and_branch_join_are_reconstructed (s_seir_research_control_edges_tests.NormalAndMixedTests.test_no_region_straight_line_and_branch_join_are_reconstructed) ... ok
test_inputs_are_not_mutated_and_evidence_closes (s_seir_research_control_edges_tests.QueryIsolationAndImmutabilityTests.test_inputs_are_not_mutated_and_evidence_closes) ... ok
test_production_isolation_and_no_second_formal_graph (s_seir_research_control_edges_tests.QueryIsolationAndImmutabilityTests.test_production_isolation_and_no_second_formal_graph) ... ok
test_query_and_accounting_are_direct_consumer_views (s_seir_research_control_edges_tests.QueryIsolationAndImmutabilityTests.test_query_and_accounting_are_direct_consumer_views) ... ok
test_validator_rejects_feasibility_and_identity_tampering (s_seir_research_control_edges_tests.QueryIsolationAndImmutabilityTests.test_validator_rejects_feasibility_and_identity_tampering) ... ok
test_fixed_point_known_and_unknown_both_remain_unresolved_feasibility (s_seir_research_control_edges_tests.TerminationStatusTests.test_fixed_point_known_and_unknown_both_remain_unresolved_feasibility) ... ok
test_resource_limit_outputs_covered_candidates_and_frontier (s_seir_research_control_edges_tests.TerminationStatusTests.test_resource_limit_outputs_covered_candidates_and_frontier) ... ok
test_unsupported_and_error_are_not_empty_complete (s_seir_research_control_edges_tests.TerminationStatusTests.test_unsupported_and_error_are_not_empty_complete) ... ok
test_upstream_partial_is_not_whitewashed (s_seir_research_control_edges_tests.TerminationStatusTests.test_upstream_partial_is_not_whitewashed) ... ok
test_exact_artifact_contract_termination_and_evidence (s_seir_research_propagation_tests.ArtifactAndDeterminismTests.test_exact_artifact_contract_termination_and_evidence) ... ok
test_identity_uses_region_domain_and_config_not_iterations (s_seir_research_propagation_tests.ArtifactAndDeterminismTests.test_identity_uses_region_domain_and_config_not_iterations) ... ok
test_repeat_and_collection_reorder_have_identical_artifact_and_frontier (s_seir_research_propagation_tests.ArtifactAndDeterminismTests.test_repeat_and_collection_reorder_have_identical_artifact_and_frontier) ... ok
test_contract_violation_is_explicit_exception (s_seir_research_propagation_tests.ContextAndTerminationTests.test_contract_violation_is_explicit_exception) ... ok
test_engine_unsupported_and_invariant_error_are_distinct (s_seir_research_propagation_tests.ContextAndTerminationTests.test_engine_unsupported_and_invariant_error_are_distinct) ... ok
test_k1_k2_partition_truncation_and_observed_arm_only (s_seir_research_propagation_tests.ContextAndTerminationTests.test_k1_k2_partition_truncation_and_observed_arm_only) ... ok
test_small_deterministic_budget_is_resource_limit_with_frontier (s_seir_research_propagation_tests.ContextAndTerminationTests.test_small_deterministic_budget_is_resource_limit_with_frontier) ... ok
test_unreached_is_absent_and_not_unknown (s_seir_research_propagation_tests.ContextAndTerminationTests.test_unreached_is_absent_and_not_unknown) ... ok
test_cache_is_node_context_and_different_contexts_never_merge (s_seir_research_propagation_tests.IntakeIntegrationAndIsolationTests.test_cache_is_node_context_and_different_contexts_never_merge) ... ok
test_direct_real_handoff_does_not_mutate_inputs_and_consumer_query_works (s_seir_research_propagation_tests.IntakeIntegrationAndIsolationTests.test_direct_real_handoff_does_not_mutate_inputs_and_consumer_query_works) ... ok
test_no_region_and_no_consumable_region_create_no_artifact (s_seir_research_propagation_tests.IntakeIntegrationAndIsolationTests.test_no_region_and_no_consumable_region_create_no_artifact) ... ok
test_production_isolation_and_only_one_new_formal_artifact (s_seir_research_propagation_tests.IntakeIntegrationAndIsolationTests.test_production_isolation_and_only_one_new_formal_artifact) ... ok
test_upstream_partial_fixed_point_is_not_whitewashed (s_seir_research_propagation_tests.IntakeIntegrationAndIsolationTests.test_upstream_partial_fixed_point_is_not_whitewashed) ... ok
test_loop_back_edge_reenqueues_until_natural_fixed_point (s_seir_research_propagation_tests.TransferJoinAndLoopTests.test_loop_back_edge_reenqueues_until_natural_fixed_point) ... ok
test_missing_in_block_order_is_conservative_unknown_not_engine_success_value (s_seir_research_propagation_tests.TransferJoinAndLoopTests.test_missing_in_block_order_is_conservative_unknown_not_engine_success_value) ... ok
test_missing_typed_semantics_is_unknown_but_reaches_fixed_point (s_seir_research_propagation_tests.TransferJoinAndLoopTests.test_missing_typed_semantics_is_unknown_but_reaches_fixed_point) ... ok
test_ordinary_facts_are_identity_and_supported_transfer_reuses_domain (s_seir_research_propagation_tests.TransferJoinAndLoopTests.test_ordinary_facts_are_identity_and_supported_transfer_reuses_domain) ... ok
test_same_context_branch_join_uses_p1_t3_join (s_seir_research_propagation_tests.TransferJoinAndLoopTests.test_same_context_branch_join_uses_p1_t3_join) ... ok

----------------------------------------------------------------------
Ran 77 tests in 48.936s

OK
