test_identical_payload_distinct_occurrences_are_not_deduplicated (s_seir_research_actions_tests.IdentityTests.test_identical_payload_distinct_occurrences_are_not_deduplicated) ... ok
test_missing_stable_provenance_is_run_local_not_fake_stable (s_seir_research_actions_tests.IdentityTests.test_missing_stable_provenance_is_run_local_not_fake_stable) ... ok
test_repeatability_and_canonical_serialization (s_seir_research_actions_tests.IdentityTests.test_repeatability_and_canonical_serialization) ... ok
test_traversal_reorder_does_not_change_identity (s_seir_research_actions_tests.IdentityTests.test_traversal_reorder_does_not_change_identity) ... ok
test_merged_recovery_representation_is_evidence_only (s_seir_research_actions_tests.ReplacementAndFailureTests.test_merged_recovery_representation_is_evidence_only) ... ok
test_require_and_assert_project_failure_without_solver (s_seir_research_actions_tests.ReplacementAndFailureTests.test_require_and_assert_project_failure_without_solver) ... ok
test_require_failure_and_canonical_revert_are_not_double_counted (s_seir_research_actions_tests.ReplacementAndFailureTests.test_require_failure_and_canonical_revert_are_not_double_counted) ... ok
test_require_without_failure_evidence_is_unresolved (s_seir_research_actions_tests.ReplacementAndFailureTests.test_require_without_failure_evidence_is_unresolved) ... ok
test_all_six_frozen_actions_and_shared_contract (s_seir_research_actions_tests.SemanticActionMappingTests.test_all_six_frozen_actions_and_shared_contract) ... ok
test_call_with_value_is_one_external_call_not_ether_transfer (s_seir_research_actions_tests.SemanticActionMappingTests.test_call_with_value_is_one_external_call_not_ether_transfer) ... ok
test_m2_ready_operands_and_storage_refs_survive_projection (s_seir_research_actions_tests.SemanticActionMappingTests.test_m2_ready_operands_and_storage_refs_survive_projection) ... ok
test_real_solidity_frontend_produces_all_six_actions (s_seir_research_actions_tests.SemanticActionMappingTests.test_real_solidity_frontend_produces_all_six_actions) ... ok
test_solidity_yul_and_mixed_use_one_contract (s_seir_research_actions_tests.SemanticActionMappingTests.test_solidity_yul_and_mixed_use_one_contract) ... ok
test_no_oracle_evaluator_or_source_parser_dependency (s_seir_research_actions_tests.UnknownCoverageAndIsolationTests.test_no_oracle_evaluator_or_source_parser_dependency) ... ok
test_shared_contract_rejects_invalid_status_and_serializes_large_int (s_seir_research_actions_tests.UnknownCoverageAndIsolationTests.test_shared_contract_rejects_invalid_status_and_serializes_large_int) ... ok
test_state_read_is_preserved_by_sfir_but_not_an_action (s_seir_research_actions_tests.UnknownCoverageAndIsolationTests.test_state_read_is_preserved_by_sfir_but_not_an_action) ... ok
test_unknown_operands_and_unanchored_action_are_emitted_with_diagnostics (s_seir_research_actions_tests.UnknownCoverageAndIsolationTests.test_unknown_operands_and_unanchored_action_are_emitted_with_diagnostics) ... ok
test_unrecognized_effect_like_occurrence_is_unresolved_not_dropped (s_seir_research_actions_tests.UnknownCoverageAndIsolationTests.test_unrecognized_effect_like_occurrence_is_unresolved_not_dropped) ... ok
test_unsupported_representation_and_upstream_unknown_are_structured (s_seir_research_actions_tests.UnknownCoverageAndIsolationTests.test_unsupported_representation_and_upstream_unknown_are_structured) ... ok

----------------------------------------------------------------------
Ran 19 tests in 0.488s

OK
