test_alternative_phi_is_conservative_not_path_selection (s_seir_research_abstract_domain_tests.DomainTests.test_alternative_phi_is_conservative_not_path_selection) ... ok
test_binary_dispatcher_update_through_real_adapter (s_seir_research_abstract_domain_tests.DomainTests.test_binary_dispatcher_update_through_real_adapter) ... ok
test_bottom_finite_top_unknown_are_distinct_and_typed (s_seir_research_abstract_domain_tests.DomainTests.test_bottom_finite_top_unknown_are_distinct_and_typed) ... ok
test_candidate_handle_stable_same_distinct_and_collection_reorder (s_seir_research_abstract_domain_tests.DomainTests.test_candidate_handle_stable_same_distinct_and_collection_reorder) ... ok
test_cast_identity_supported_other_cast_explicitly_unsupported (s_seir_research_abstract_domain_tests.DomainTests.test_cast_identity_supported_other_cast_explicitly_unsupported) ... ok
test_constant_local_assignment_deterministic_and_no_mutation (s_seir_research_abstract_domain_tests.DomainTests.test_constant_local_assignment_deterministic_and_no_mutation) ... ok
test_context_collection_reorder_observed_only_no_successor_claim (s_seir_research_abstract_domain_tests.DomainTests.test_context_collection_reorder_observed_only_no_successor_claim) ... ok
test_context_k1_k2_truncation_and_no_iteration_counter (s_seir_research_abstract_domain_tests.DomainTests.test_context_k1_k2_truncation_and_no_iteration_counter) ... ok
test_contract_only_artifact_eight_fields_digest_and_shared_evidence (s_seir_research_abstract_domain_tests.DomainTests.test_contract_only_artifact_eight_fields_digest_and_shared_evidence) ... ok
test_copy_identity_uses_existing_binding_and_preserves_source (s_seir_research_abstract_domain_tests.DomainTests.test_copy_identity_uses_existing_binding_and_preserves_source) ... ok
test_detector_collection_reorder_preserves_runtime_keys_and_context (s_seir_research_abstract_domain_tests.DomainTests.test_detector_collection_reorder_preserves_runtime_keys_and_context) ... ok
test_direct_region_consumption_only_initial_unknown_and_immutable_payload (s_seir_research_abstract_domain_tests.DomainTests.test_direct_region_consumption_only_initial_unknown_and_immutable_payload) ... ok
test_exhaustive_small_finite_join_soundness_and_cap (s_seir_research_abstract_domain_tests.DomainTests.test_exhaustive_small_finite_join_soundness_and_cap) ... ok
test_existing_candidate_plus_literal_local_update (s_seir_research_abstract_domain_tests.DomainTests.test_existing_candidate_plus_literal_local_update) ... ok
test_explicit_config_validation (s_seir_research_abstract_domain_tests.DomainTests.test_explicit_config_validation) ... ok
test_insufficient_region_rejected_without_abstract_state (s_seir_research_abstract_domain_tests.DomainTests.test_insufficient_region_rejected_without_abstract_state) ... ok
test_invalid_known_value_mode_and_unknown_success_rejected (s_seir_research_abstract_domain_tests.DomainTests.test_invalid_known_value_mode_and_unknown_success_rejected) ... ok
test_isolation_shared_contract_no_future_artifacts_or_io (s_seir_research_abstract_domain_tests.DomainTests.test_isolation_shared_contract_no_future_artifacts_or_io) ... ok
test_join_idempotence_commutativity_and_upper_bounds (s_seir_research_abstract_domain_tests.DomainTests.test_join_idempotence_commutativity_and_upper_bounds) ... ok
test_legal_no_region_distinct_from_failure (s_seir_research_abstract_domain_tests.DomainTests.test_legal_no_region_distinct_from_failure) ... ok
test_missing_type_width_signedness_and_provenance (s_seir_research_abstract_domain_tests.DomainTests.test_missing_type_width_signedness_and_provenance) ... ok
test_primary_atomic_sfir_assignment_uses_factssa_type (s_seir_research_abstract_domain_tests.DomainTests.test_primary_atomic_sfir_assignment_uses_factssa_type) ... ok
test_pure_wrapping_checked_bitwise_and_unknown_modes (s_seir_research_abstract_domain_tests.DomainTests.test_pure_wrapping_checked_bitwise_and_unknown_modes) ... ok
test_scope_config_errors_raise_not_empty_success (s_seir_research_abstract_domain_tests.DomainTests.test_scope_config_errors_raise_not_empty_success) ... ok
test_signed_unsigned_and_256bit_literals_never_unbounded (s_seir_research_abstract_domain_tests.DomainTests.test_signed_unsigned_and_256bit_literals_never_unbounded) ... ok
test_state_canonical_stabilization_subsumption_and_context (s_seir_research_abstract_domain_tests.DomainTests.test_state_canonical_stabilization_subsumption_and_context) ... ok
test_unanchored_unresolved_action_provenance_not_whitewashed (s_seir_research_abstract_domain_tests.DomainTests.test_unanchored_unresolved_action_provenance_not_whitewashed) ... ok
test_unknown_top_and_type_mismatch_preserve_diagnosis (s_seir_research_abstract_domain_tests.DomainTests.test_unknown_top_and_type_mismatch_preserve_diagnosis) ... ok
test_unreached_state_strict_transfer_and_join_identity (s_seir_research_abstract_domain_tests.DomainTests.test_unreached_state_strict_transfer_and_join_identity) ... ok
test_unresolved_evidence_and_candidate_diagnostic_rejected (s_seir_research_abstract_domain_tests.DomainTests.test_unresolved_evidence_and_candidate_diagnostic_rejected) ... ok
test_unsupported_relevant_fact_and_unrelated_fact (s_seir_research_abstract_domain_tests.DomainTests.test_unsupported_relevant_fact_and_unrelated_fact) ... ok
test_upstream_ambiguous_no_exit_irreducible_insufficient_unsupported (s_seir_research_abstract_domain_tests.DomainTests.test_upstream_ambiguous_no_exit_irreducible_insufficient_unsupported) ... ok
test_value_and_state_unordered_evidence_normalization (s_seir_research_abstract_domain_tests.DomainTests.test_value_and_state_unordered_evidence_normalization) ... ok

----------------------------------------------------------------------
Ran 33 tests in 0.813s

OK
