Traceback (most recent call last):
  File "/home/ubuntu/erc-20/scripts/s_seir/s_seir_pipeline.py", line 245, in <module>
    if __name__=='__main__': main()
                             ^^^^^^
  File "/home/ubuntu/erc-20/scripts/s_seir/s_seir_pipeline.py", line 198, in main
    a=ap.parse_args(); fns=build_sseir(a.source,a.solc_bin,a.slither_bin,a.workdir.resolve(),branch_preprocess=not a.no_branch_preprocess,branch_preprocess_output=a.branch_preprocessed_output,branch_report_output=a.branch_report_output)
                           ^^^^^^^^^^^^^^^^^^^^^^^^^^^^^^^^^^^^^^^^^^^^^^^^^^^^^^^^^^^^^^^^^^^^^^^^^^^^^^^^^^^^^^^^^^^^^^^^^^^^^^^^^^^^^^^^^^^^^^^^^^^^^^^^^^^^^^^^^^^^^^^^^^^^^^^^^^^^^^^^^^^^^^^^^^^^^^^^^^^^^^^^^^^^^^^^^^^^^^^^^^^^^^^^^
  File "/home/ubuntu/erc-20/scripts/s_seir/s_seir_pipeline.py", line 130, in build_sseir
    branch_result=build_branch_preprocessed_analysis_source(source_path,solc,branch_source)
                  ^^^^^^^^^^^^^^^^^^^^^^^^^^^^^^^^^^^^^^^^^^^^^^^^^^^^^^^^^^^^^^^^^^^^^^^^^
  File "/home/ubuntu/erc-20/scripts/s_seir/s_seir_branch_preprocess.py", line 110, in build_branch_preprocessed_analysis_source
    return build_branch_preprocessed_source(source, solc_bin, destination)
           ^^^^^^^^^^^^^^^^^^^^^^^^^^^^^^^^^^^^^^^^^^^^^^^^^^^^^^^^^^^^^^^
  File "/home/ubuntu/erc-20/scripts/s_seir/s_seir_branch_preprocess.py", line 64, in build_branch_preprocessed_source
    opaque_result = prune_opaque_yul_ifs(source, solc_bin)
                    ^^^^^^^^^^^^^^^^^^^^^^^^^^^^^^^^^^^^^^
  File "/home/ubuntu/erc-20/scripts/s_seir/s_seir_opaque_preprocess.py", line 44, in prune_opaque_yul_ifs
    ast = compile_source_ast(source_path, solc_bin)
          ^^^^^^^^^^^^^^^^^^^^^^^^^^^^^^^^^^^^^^^^^
  File "/home/ubuntu/erc-20/scripts/legacy_yul/assembly_ast_cfg.py", line 226, in compile_source_ast
    raise RuntimeError(f"solc AST generation failed:\n{messages}")
RuntimeError: solc AST generation failed:
TypeError: Contract "MintableCore" should be marked as abstract.
  --> PayableInheritedERC20.sol:29:1:
   |
29 | contract MintableCore is ERC20Core {
   | ^ (Relevant source part starts here and spans across multiple lines).
Note: Missing implementation: 
  --> PayableInheritedERC20.sol:23:5:
   |
23 |     function approve(address spender, uint256 value) external virtual returns (bool);
   |     ^^^^^^^^^^^^^^^^^^^^^^^^^^^^^^^^^^^^^^^^^^^^^^^^^^^^^^^^^^^^^^^^^^^^^^^^^^^^^^^^^
Note: Missing implementation: 
  --> PayableInheritedERC20.sol:22:5:
   |
22 |     function transfer(address to, uint256 value) public virtual returns (bool);
   |     ^^^^^^^^^^^^^^^^^^^^^^^^^^^^^^^^^^^^^^^^^^^^^^^^^^^^^^^^^^^^^^^^^^^^^^^^^^^
Note: Missing implementation: 
  --> PayableInheritedERC20.sol:24:5:
   |
24 |     function transferFrom(address from, address to, uint256 value) external virtual returns (bool);
   |     ^^^^^^^^^^^^^^^^^^^^^^^^^^^^^^^^^^^^^^^^^^^^^^^^^^^^^^^^^^^^^^^^^^^^^^^^^^^^^^^^^^^^^^^^^^^^^^^


