{
  "checks": {
    "same_candidate_graph_witnesses": true,
    "all_candidates_retained": true,
    "scope_recomputed_equal": true,
    "query_digests_recomputed": true,
    "persisted_solver_calls_replayed": true,
    "accounting_recomputed": true,
    "p1_t7_reseal_equal_without_solver": true,
    "p1_t7_feasibility_conserved": true,
    "partial_sat_stays_unresolved": true,
    "action_rooted_limit_retained": true,
    "no_blanket_state_read_or_location_reason": true,
    "old_slithir_only_association_reason_absent": true,
    "protected_production_and_status_unchanged": true,
    "historical_sample_baseline_unchanged": true,
    "historical_task_evidence_unchanged": true,
    "source_unchanged": true,
    "fresh_source_matches_input": true,
    "fingerprints_match": true,
    "full_regression_pass": true,
    "git_diff_check": true
  },
  "status": "PASS",
  "replayed_solver_calls": 51,
  "backend_version": "4.15.3",
  "before": {
    "actions": 32,
    "candidates": 52,
    "feasibility": {
      "FEASIBLE": "2",
      "INFEASIBLE": "0",
      "UNRESOLVED": "50"
    },
    "scope_completeness": {
      "COMPLETE": "2",
      "PARTIAL": "50"
    },
    "solver_outcomes": {
      "NOT_RUN": "0",
      "SAT": "35",
      "TIMEOUT": "0",
      "UNKNOWN": "0",
      "UNSAT": "0",
      "UNSUPPORTED": "17"
    },
    "functions": {
      "PARTIAL": 11
    },
    "unresolved_reason_candidates": {
      "BranchCondition lacks exact typed condition operand association": 17,
      "carrier operation/failure semantics not covered by predicate closure": 50,
      "control edge lacks guard evidence": 1,
      "repeated carrier block; dynamic iteration identity unavailable": 1,
      "source/prefix reachability not established by local carrier": 40
    }
  },
  "after": {
    "actions": 32,
    "candidates": 52,
    "feasibility": {
      "FEASIBLE": "6",
      "INFEASIBLE": "0",
      "UNRESOLVED": "46"
    },
    "scope_completeness": {
      "COMPLETE": "6",
      "PARTIAL": "46"
    },
    "solver_outcomes": {
      "NOT_RUN": "0",
      "SAT": "39",
      "TIMEOUT": "0",
      "UNKNOWN": "0",
      "UNSAT": "0",
      "UNSUPPORTED": "13"
    },
    "functions": {
      "PARTIAL": 11
    },
    "unresolved_reason_candidates": {
      "StateRead follows storage/effectful operation; no alias/version proof": 1,
      "StateRead requires exact storage read and result write versions": 9,
      "Yul BranchCondition lacks structured typed AST evidence: missing representation": 2,
      "Yul BranchCondition lacks structured typed AST evidence: unsupported AST predicate call: not": 2,
      "Yul BranchCondition lacks structured typed AST evidence: unsupported AST predicate call: returndatasize": 2,
      "carrier operation/failure semantics not covered by predicate closure": 46,
      "control edge lacks guard evidence": 1,
      "definition outside local carrier closure": 9,
      "read requires unique carrier occurrence; dynamic iteration identity unavailable": 1,
      "repeated carrier block; dynamic iteration identity unavailable": 1,
      "source/prefix reachability not established by local carrier": 40
    }
  },
  "reason_count_unit": "distinct candidate per reason; categories overlap"
}
